[kitchen.ci/index.html]
[backblue.gif]
[fade.gif]
[index.html]
[kitchen.ci/blog/index.html]
[kitchen.ci/css/kitchen-26ac5aa6.css]
[kitchen.ci/docs/getting-started/index.html]
[kitchen.ci/index.html]
[kitchen.ci/img/partner/heavywater-c92770a1.png]
[kitchen.ci/js/vendor/modernizr-2.6.2.min-76c5a590.js]
[kitchen.ci/img/partner/chef-66970515.png]
[kitchen.ci/fonts/bootstrap/glyphicons-halflings-regular-23799c0a.eot]
[kitchen.ci/fonts/bootstrap/glyphicons-halflings-regular-c6ea7b1a.woff]
[kitchen.ci/fonts/bootstrap/glyphicons-halflings-regular-536d2b1b.ttf]
[kitchen.ci/js/all-126c4e27.js]
[kitchen.ci/fonts/bootstrap/glyphicons-halflings-regular-ecee9033.svg]
[kitchen.ci/fonts/bootstrap/glyphicons-halflings-regular-23799c0ad41d.eot]
[kitchen.ci/css/font-awesome/fonts/fontawesome-webfont-7619748fba72.eot]
[kitchen.ci/css/font-awesome/fonts/fontawesome-webfont-7619748fd41d.eot]
[kitchen.ci/css/font-awesome/fonts/fontawesome-webfont-04c3bf56ba72.woff]
[kitchen.ci/css/kitchen-26ac5aa6.css]
[kitchen.ci/css/font-awesome/fonts/fontawesome-webfont-7f09c97fba72.ttf]
[kitchen.ci/test-kitchen-1-4-0-release-notes.10.delayed]
[kitchen.ci/blog/test-kitchen-windows-test-flight-with-vagrant/index.html]
[kitchen.ci/blog/index.html]
[kitchen.ci/blog/feed.xml]
[kitchen.ci/docs/getting-started/installing.html]
[kitchen.ci/blog/test-kitchen-1-4-0-release-notes/index.html]
[kitchen.ci/docs/getting-started/getting-help.html]
[kitchen.ci/blog/test-kitchen-1-3-1-release-notes/index.html]
[kitchen.ci/docs/getting-started/creating-cookbook.html]
[kitchen.ci/docs/getting-started/writing-recipe.html]
[kitchen.ci/css/font-awesome/fonts/fontawesome-webfont-46fcc019ba72.svg]
[kitchen.ci/docs/getting-started/running-converge.html]
[kitchen.ci/docs/getting-started/manually-verifying.html]
[kitchen.ci/blog/test-kitchen-1-3-0-release-notes/index.html]
[kitchen.ci/docs/getting-started/writing-test.html]
[kitchen.ci/docs/getting-started/running-verify.html]
[kitchen.ci/docs/getting-started/running-test.html]
[kitchen.ci/docs/getting-started/dynamic-configuration.html]
[kitchen.ci/docs/getting-started/adding-platform.html]
[kitchen.ci/docs/getting-started/adding-feature.html]
[kitchen.ci/docs/getting-started/fixing-converge.html]
[kitchen.ci/docs/getting-started/adding-suite.html]
[kitchen.ci/docs/getting-started/writing-server-test.html]
[kitchen.ci/docs/getting-started/writing-failing-recipe.html]
[kitchen.ci/docs/getting-started/index.html]
[kitchen.ci/docs/getting-started/adding-dependency.html]
[kitchen.ci/fonts/bootstrap/glyphicons-halflings-regular-ecee9033.svg]
[kitchen.ci/css/font-awesome/fonts/fontawesome-webfont-46fcc019ba72.svg]
[kitchen.ci/docs/getting-started/next-steps.html]
[kitchen.ci/docs/getting-started/backfilling-platforms.html]
[kitchen.ci/css/theme/maximum/img/landing/header-048783cd.png]
[kitchen.ci/blog/test-kitchen-1-4-0-release-notes.html]
[kitchen.ci/blog/test-kitchen-windows-test-flight-with-vagrant/index.html]
[kitchen.ci/test-kitchen-1-4-0-release-notes.html]
[kitchen.ci/blog/test-kitchen-1-4-0-release-notes/d8f1a7db9e506c44f321462e1fba0b1e24994070.27.delayed]
[kitchen.ci/blog/test-kitchen-1-4-0-release-notes/index.html]
[kitchen.ci/blog/test-kitchen-1-3-1-release-notes/index.html]
[kitchen.ci/blog/test-kitchen-1-3-0-release-notes/index.html]
[kitchen.ci/docs/getting-started/installing.html]
[kitchen.ci/docs/getting-started/getting-help.html]
[kitchen.ci/docs/getting-started/creating-cookbook.html]
[kitchen.ci/docs/getting-started/writing-recipe.html]
[kitchen.ci/docs/getting-started/running-converge.html]
[kitchen.ci/docs/getting-started/manually-verifying.html]
[kitchen.ci/docs/getting-started/writing-test.html]
[kitchen.ci/docs/getting-started/running-verify.html]
[kitchen.ci/docs/getting-started/running-test.html]
[kitchen.ci/docs/getting-started/adding-platform.html]
[kitchen.ci/docs/getting-started/dynamic-configuration.html]
[kitchen.ci/docs/getting-started/fixing-converge.html]
[kitchen.ci/docs/getting-started/adding-feature.html]
[kitchen.ci/docs/getting-started/adding-suite.html]
[kitchen.ci/docs/getting-started/writing-server-test.html]
[kitchen.ci/docs/getting-started/writing-failing-recipe.html]
[kitchen.ci/docs/getting-started/adding-dependency.html]
[kitchen.ci/docs/getting-started/backfilling-platforms.html]
[kitchen.ci/docs/getting-started/next-steps.html]
[kitchen.ci/blog/test-kitchen-windows-test-flight-with-vagrant.html]
[kitchen.ci/test-kitchen-windows-test-flight-with-vagrant.28.delayed]
[kitchen.ci/blog/d8f1a7db9e506c44f321462e1fba0b1e24994070.29.delayed]
[kitchen.ci/blog/test-kitchen-1-4-0-release-notes.html]
[kitchen.ci/blog/test-kitchen-windows-test-flight-with-vagrant/confetti.gif]
[kitchen.ci/blog/test-kitchen-windows-test-flight-with-vagrant.html]
[kitchen.ci/blog/test-kitchen-1-4-0-release-notes/d8f1a7db9e506c44f321462e1fba0b1e24994070.html]
[kitchen.ci/test-kitchen-windows-test-flight-with-vagrant.html]
[kitchen.ci/blog/d8f1a7db9e506c44f321462e1fba0b1e24994070.html]
